// Jest Snapshot v1, https://goo.gl/fbAQLP

exports[`<App /> shallow 1`] = `
<div
  className="sans-serif"
>
  <Component />
</div>
`;
